// Jest Snapshot v1, https://goo.gl/fbAQLP

exports[`renders correctly 1`] = `
<div
  aria-label="alt_text"
  className="rounded-full overflow-hidden inline-block"
  role="img"
>
  <img
    alt="alt_text"
    aria-hidden="true"
    className="block"
    height={64}
    loading="lazy"
    src="https://via.placeholder.com/150"
  />
</div>
`;

exports[`renders correctly 2`] = `<div />`;
