// Jest Snapshot v1, https://goo.gl/fbAQLP

exports[`renders correctly 1`] = `
<span
  aria-hidden="true"
  className="en-icon en-icon-add "
/>
`;

exports[`renders correctly 2`] = `<div />`;
